../Core/Src/main.c:71:6:ACC_CS_LOW	1
../Core/Src/main.c:72:6:ACC_CS_HIGH	1
../Core/Src/main.c:75:9:SPI_Read	1
../Core/Src/main.c:85:6:SPI_Write	1
../Core/Src/main.c:94:6:Accelerometer_Init	1
../Core/Src/main.c:98:6:Accelerometer_ReadAxes	1
../Core/Src/main.c:104:6:Accelerometer_ReadAxes_g	1
../Core/Src/main.c:122:5:main	3
../Core/Src/main.c:199:6:SystemClock_Config	3
../Core/Src/main.c:246:13:MX_SPI1_Init	2
../Core/Src/main.c:284:13:MX_USART2_UART_Init	2
../Core/Src/main.c:317:13:MX_GPIO_Init	1
../Core/Src/main.c:351:6:Error_Handler	1
